{
  "ID": 12,
  "Number": 12,
  "Title": "10.0",
  "Description": "Version",
  "DueDate": "2013-11-29T00:00:00Z",
  "State": "active"
}
